

================================================================
== Vivado HLS Report for 'kernel3'
================================================================
* Date:           Wed May 21 15:36:53 2025

* Version:        2019.1 (Build 2552052 on Fri May 24 15:28:33 MDT 2019)
* Project:        prj_kernel3
* Solution:       solution1
* Product family: kintex7
* Target device:  xc7k160t-fbg484-1


================================================================
== Performance Estimates
================================================================
+ Timing (ns): 
    * Summary: 
    +--------+-------+----------+------------+
    |  Clock | Target| Estimated| Uncertainty|
    +--------+-------+----------+------------+
    |ap_clk  |  10.00|     7.717|        1.25|
    +--------+-------+----------+------------+

+ Latency (clock cycles): 
    * Summary: 
    +-------+-------+-------+-------+---------+
    |    Latency    |    Interval   | Pipeline|
    |  min  |  max  |  min  |  max  |   Type  |
    +-------+-------+-------+-------+---------+
    |  16385|  16385|  16385|  16385|   none  |
    +-------+-------+-------+-------+---------+

    + Detail: 
        * Instance: 
        N/A

        * Loop: 
        +----------+-------+-------+----------+-----------+-----------+------+----------+
        |          |    Latency    | Iteration|  Initiation Interval  | Trip |          |
        | Loop Name|  min  |  max  |  Latency |  achieved |   target  | Count| Pipelined|
        +----------+-------+-------+----------+-----------+-----------+------+----------+
        |- LOOP1   |  16384|  16384|         8|          -|          -|  2048|    no    |
        +----------+-------+-------+----------+-----------+-----------+------+----------+



================================================================
== Utilization Estimates
================================================================
* Summary: 
+-----------------+---------+-------+--------+--------+-----+
|       Name      | BRAM_18K| DSP48E|   FF   |   LUT  | URAM|
+-----------------+---------+-------+--------+--------+-----+
|DSP              |        -|      -|       -|       -|    -|
|Expression       |        -|      -|       0|      32|    -|
|FIFO             |        -|      -|       -|       -|    -|
|Instance         |        -|      2|     227|     214|    -|
|Memory           |        -|      -|       -|       -|    -|
|Multiplexer      |        -|      -|       -|      71|    -|
|Register         |        -|      -|     140|       -|    -|
+-----------------+---------+-------+--------+--------+-----+
|Total            |        0|      2|     367|     317|    0|
+-----------------+---------+-------+--------+--------+-----+
|Available        |      650|    600|  202800|  101400|    0|
+-----------------+---------+-------+--------+--------+-----+
|Utilization (%)  |        0|   ~0  |   ~0   |   ~0   |    0|
+-----------------+---------+-------+--------+--------+-----+

+ Detail: 
    * Instance: 
    +-------------------------+----------------------+---------+-------+-----+-----+-----+
    |         Instance        |        Module        | BRAM_18K| DSP48E|  FF | LUT | URAM|
    +-------------------------+----------------------+---------+-------+-----+-----+-----+
    |kernel3_fadd_32nsbkb_U1  |kernel3_fadd_32nsbkb  |        0|      2|  227|  214|    0|
    +-------------------------+----------------------+---------+-------+-----+-----+-----+
    |Total                    |                      |        0|      2|  227|  214|    0|
    +-------------------------+----------------------+---------+-------+-----+-----+-----+

    * DSP48E: 
    N/A

    * Memory: 
    N/A

    * FIFO: 
    N/A

    * Expression: 
    +-------------------+----------+-------+---+----+------------+------------+
    |   Variable Name   | Operation| DSP48E| FF| LUT| Bitwidth P0| Bitwidth P1|
    +-------------------+----------+-------+---+----+------------+------------+
    |i_fu_88_p2         |     +    |      0|  0|  19|          12|           1|
    |icmp_ln5_fu_82_p2  |   icmp   |      0|  0|  13|          12|          13|
    +-------------------+----------+-------+---+----+------------+------------+
    |Total              |          |      0|  0|  32|          24|          14|
    +-------------------+----------+-------+---+----+------------+------------+

    * Multiplexer: 
    +------------+----+-----------+-----+-----------+
    |    Name    | LUT| Input Size| Bits| Total Bits|
    +------------+----+-----------+-----+-----------+
    |a_address0  |  15|          3|   11|         33|
    |ap_NS_fsm   |  47|         10|    1|         10|
    |i_0_reg_67  |   9|          2|   12|         24|
    +------------+----+-----------+-----+-----------+
    |Total       |  71|         15|   24|         67|
    +------------+----+-----------+-----+-----------+

    * Register: 
    +-------------------+----+----+-----+-----------+
    |        Name       | FF | LUT| Bits| Const Bits|
    +-------------------+----+----+-----+-----------+
    |a_addr_reg_123     |  11|   0|   11|          0|
    |a_load_reg_133     |  32|   0|   32|          0|
    |ap_CS_fsm          |   9|   0|    9|          0|
    |bias_load_reg_128  |  32|   0|   32|          0|
    |i_0_reg_67         |  12|   0|   12|          0|
    |i_reg_108          |  12|   0|   12|          0|
    |tmp_reg_138        |  32|   0|   32|          0|
    +-------------------+----+----+-----+-----------+
    |Total              | 140|   0|  140|          0|
    +-------------------+----+----+-----+-----------+



================================================================
== Interface
================================================================
* Summary: 
+----------------+-----+-----+------------+--------------+--------------+
|    RTL Ports   | Dir | Bits|  Protocol  | Source Object|    C Type    |
+----------------+-----+-----+------------+--------------+--------------+
|ap_clk          |  in |    1| ap_ctrl_hs |    kernel3   | return value |
|ap_rst          |  in |    1| ap_ctrl_hs |    kernel3   | return value |
|ap_start        |  in |    1| ap_ctrl_hs |    kernel3   | return value |
|ap_done         | out |    1| ap_ctrl_hs |    kernel3   | return value |
|ap_idle         | out |    1| ap_ctrl_hs |    kernel3   | return value |
|ap_ready        | out |    1| ap_ctrl_hs |    kernel3   | return value |
|a_address0      | out |   11|  ap_memory |       a      |     array    |
|a_ce0           | out |    1|  ap_memory |       a      |     array    |
|a_we0           | out |    1|  ap_memory |       a      |     array    |
|a_d0            | out |   32|  ap_memory |       a      |     array    |
|a_q0            |  in |   32|  ap_memory |       a      |     array    |
|bias_address0   | out |   11|  ap_memory |     bias     |     array    |
|bias_ce0        | out |    1|  ap_memory |     bias     |     array    |
|bias_q0         |  in |   32|  ap_memory |     bias     |     array    |
|index_address0  | out |   11|  ap_memory |     index    |     array    |
|index_ce0       | out |    1|  ap_memory |     index    |     array    |
|index_q0        |  in |   32|  ap_memory |     index    |     array    |
+----------------+-----+-----+------------+--------------+--------------+

